#-----------------------------------------------------------
# Vivado v2019.2 (64-bit)
# SW Build 2708876 on Wed Nov  6 21:40:23 MST 2019
# IP Build 2700528 on Thu Nov  7 00:09:20 MST 2019
# Start of session at: Fri Apr 19 21:25:30 2024
# Process ID: 30092
# Current directory: C:/Digital Filters/DS_Project_ANC_Digital_Filters/Week_1
# Command line: vivado.exe -gui_launcher_event rodinguilauncherevent18496 C:\Digital Filters\DS_Project_ANC_Digital_Filters\Week_1\Week_1.xpr
# Log file: C:/Digital Filters/DS_Project_ANC_Digital_Filters/Week_1/vivado.log
# Journal file: C:/Digital Filters/DS_Project_ANC_Digital_Filters/Week_1\vivado.jou
#-----------------------------------------------------------
start_gui
open_project {C:/Digital Filters/DS_Project_ANC_Digital_Filters/Week_1/Week_1.xpr}
update_compile_order -fileset sources_1
generate_target Simulation [get_files {C:/Digital Filters/DS_Project_ANC_Digital_Filters/Week_1/Week_1.srcs/sources_1/ip/blk_mem_gen_0/blk_mem_gen_0.xci}]
export_ip_user_files -of_objects [get_files {C:/Digital Filters/DS_Project_ANC_Digital_Filters/Week_1/Week_1.srcs/sources_1/ip/blk_mem_gen_0/blk_mem_gen_0.xci}] -no_script -sync -force -quiet
export_simulation -of_objects [get_files {{C:/Digital Filters/DS_Project_ANC_Digital_Filters/Week_1/Week_1.srcs/sources_1/ip/blk_mem_gen_0/blk_mem_gen_0.xci}}] -directory {C:/Digital Filters/DS_Project_ANC_Digital_Filters/Week_1/Week_1.ip_user_files/sim_scripts} -ip_user_files_dir {C:/Digital Filters/DS_Project_ANC_Digital_Filters/Week_1/Week_1.ip_user_files} -ipstatic_source_dir {C:/Digital Filters/DS_Project_ANC_Digital_Filters/Week_1/Week_1.ip_user_files/ipstatic} -lib_map_path [list {modelsim=C:/Digital Filters/DS_Project_ANC_Digital_Filters/Week_1/Week_1.cache/compile_simlib/modelsim} {questa=C:/Digital Filters/DS_Project_ANC_Digital_Filters/Week_1/Week_1.cache/compile_simlib/questa} {riviera=C:/Digital Filters/DS_Project_ANC_Digital_Filters/Week_1/Week_1.cache/compile_simlib/riviera} {activehdl=C:/Digital Filters/DS_Project_ANC_Digital_Filters/Week_1/Week_1.cache/compile_simlib/activehdl}] -use_ip_compiled_libs -force -quiet
launch_simulation
launch_simulation
source memory_read.tcl
close_sim
launch_simulation
source memory_read.tcl
reset_run synth_1
launch_runs synth_1 -jobs 10
wait_on_run synth_1
close_sim
generate_target Simulation [get_files {C:/Digital Filters/DS_Project_ANC_Digital_Filters/Week_1/Week_1.srcs/sources_1/ip/blk_mem_gen_0/blk_mem_gen_0.xci}]
export_ip_user_files -of_objects [get_files {C:/Digital Filters/DS_Project_ANC_Digital_Filters/Week_1/Week_1.srcs/sources_1/ip/blk_mem_gen_0/blk_mem_gen_0.xci}] -no_script -sync -force -quiet
export_simulation -of_objects [get_files {{C:/Digital Filters/DS_Project_ANC_Digital_Filters/Week_1/Week_1.srcs/sources_1/ip/blk_mem_gen_0/blk_mem_gen_0.xci}}] -directory {C:/Digital Filters/DS_Project_ANC_Digital_Filters/Week_1/Week_1.ip_user_files/sim_scripts} -ip_user_files_dir {C:/Digital Filters/DS_Project_ANC_Digital_Filters/Week_1/Week_1.ip_user_files} -ipstatic_source_dir {C:/Digital Filters/DS_Project_ANC_Digital_Filters/Week_1/Week_1.ip_user_files/ipstatic} -lib_map_path [list {modelsim=C:/Digital Filters/DS_Project_ANC_Digital_Filters/Week_1/Week_1.cache/compile_simlib/modelsim} {questa=C:/Digital Filters/DS_Project_ANC_Digital_Filters/Week_1/Week_1.cache/compile_simlib/questa} {riviera=C:/Digital Filters/DS_Project_ANC_Digital_Filters/Week_1/Week_1.cache/compile_simlib/riviera} {activehdl=C:/Digital Filters/DS_Project_ANC_Digital_Filters/Week_1/Week_1.cache/compile_simlib/activehdl}] -use_ip_compiled_libs -force -quiet
launch_simulation
set_property -dict [list CONFIG.Coe_File {C:/Digital Filters/DS_Project_ANC_Digital_Filters/Week_1/Week_1.sim/sim_1/behav/xsim/my_file.coe}] [get_ips blk_mem_gen_0]
generate_target all [get_files  {{C:/Digital Filters/DS_Project_ANC_Digital_Filters/Week_1/Week_1.srcs/sources_1/ip/blk_mem_gen_0/blk_mem_gen_0.xci}}]
export_ip_user_files -of_objects [get_files {{C:/Digital Filters/DS_Project_ANC_Digital_Filters/Week_1/Week_1.srcs/sources_1/ip/blk_mem_gen_0/blk_mem_gen_0.xci}}] -no_script -sync -force -quiet
reset_run blk_mem_gen_0_synth_1
launch_runs -jobs 10 blk_mem_gen_0_synth_1
export_simulation -of_objects [get_files {{C:/Digital Filters/DS_Project_ANC_Digital_Filters/Week_1/Week_1.srcs/sources_1/ip/blk_mem_gen_0/blk_mem_gen_0.xci}}] -directory {C:/Digital Filters/DS_Project_ANC_Digital_Filters/Week_1/Week_1.ip_user_files/sim_scripts} -ip_user_files_dir {C:/Digital Filters/DS_Project_ANC_Digital_Filters/Week_1/Week_1.ip_user_files} -ipstatic_source_dir {C:/Digital Filters/DS_Project_ANC_Digital_Filters/Week_1/Week_1.ip_user_files/ipstatic} -lib_map_path [list {modelsim=C:/Digital Filters/DS_Project_ANC_Digital_Filters/Week_1/Week_1.cache/compile_simlib/modelsim} {questa=C:/Digital Filters/DS_Project_ANC_Digital_Filters/Week_1/Week_1.cache/compile_simlib/questa} {riviera=C:/Digital Filters/DS_Project_ANC_Digital_Filters/Week_1/Week_1.cache/compile_simlib/riviera} {activehdl=C:/Digital Filters/DS_Project_ANC_Digital_Filters/Week_1/Week_1.cache/compile_simlib/activehdl}] -use_ip_compiled_libs -force -quiet
launch_simulation
source memory_read.tcl
close_sim
set_property -dict [list CONFIG.Operating_Mode_A {READ_FIRST} CONFIG.Enable_A {Use_ENA_Pin}] [get_ips blk_mem_gen_0]
generate_target all [get_files  {{C:/Digital Filters/DS_Project_ANC_Digital_Filters/Week_1/Week_1.srcs/sources_1/ip/blk_mem_gen_0/blk_mem_gen_0.xci}}]
catch { config_ip_cache -export [get_ips -all blk_mem_gen_0] }
export_ip_user_files -of_objects [get_files {{C:/Digital Filters/DS_Project_ANC_Digital_Filters/Week_1/Week_1.srcs/sources_1/ip/blk_mem_gen_0/blk_mem_gen_0.xci}}] -no_script -sync -force -quiet
reset_run blk_mem_gen_0_synth_1
launch_runs -jobs 10 blk_mem_gen_0_synth_1
export_simulation -of_objects [get_files {{C:/Digital Filters/DS_Project_ANC_Digital_Filters/Week_1/Week_1.srcs/sources_1/ip/blk_mem_gen_0/blk_mem_gen_0.xci}}] -directory {C:/Digital Filters/DS_Project_ANC_Digital_Filters/Week_1/Week_1.ip_user_files/sim_scripts} -ip_user_files_dir {C:/Digital Filters/DS_Project_ANC_Digital_Filters/Week_1/Week_1.ip_user_files} -ipstatic_source_dir {C:/Digital Filters/DS_Project_ANC_Digital_Filters/Week_1/Week_1.ip_user_files/ipstatic} -lib_map_path [list {modelsim=C:/Digital Filters/DS_Project_ANC_Digital_Filters/Week_1/Week_1.cache/compile_simlib/modelsim} {questa=C:/Digital Filters/DS_Project_ANC_Digital_Filters/Week_1/Week_1.cache/compile_simlib/questa} {riviera=C:/Digital Filters/DS_Project_ANC_Digital_Filters/Week_1/Week_1.cache/compile_simlib/riviera} {activehdl=C:/Digital Filters/DS_Project_ANC_Digital_Filters/Week_1/Week_1.cache/compile_simlib/activehdl}] -use_ip_compiled_libs -force -quiet
launch_simulation
source memory_read.tcl
close_sim
launch_simulation
source memory_read.tcl
reset_run synth_1
launch_runs synth_1 -jobs 10
wait_on_run synth_1
close_sim
launch_simulation
source memory_read.tcl
close_sim
launch_simulation
source memory_read.tcl
synth_design -rtl -name rtl_1
refresh_design
close_design
synth_design -rtl -name rtl_1
close_sim
set_property -dict [list CONFIG.Coe_File {C:/Digital Filters/DS_Project_ANC_Digital_Filters/Week_1/Week_1.sim/sim_1/behav/xsim/my_file.coe}] [get_ips blk_mem_gen_0]
generate_target all [get_files  {{C:/Digital Filters/DS_Project_ANC_Digital_Filters/Week_1/Week_1.srcs/sources_1/ip/blk_mem_gen_0/blk_mem_gen_0.xci}}]
catch { config_ip_cache -export [get_ips -all blk_mem_gen_0] }
catch { [ delete_ip_run [get_ips -all blk_mem_gen_0] ] }
export_ip_user_files -of_objects [get_files {{C:/Digital Filters/DS_Project_ANC_Digital_Filters/Week_1/Week_1.srcs/sources_1/ip/blk_mem_gen_0/blk_mem_gen_0.xci}}] -no_script -sync -force -quiet
create_ip_run [get_files -of_objects [get_fileset sources_1] {{C:/Digital Filters/DS_Project_ANC_Digital_Filters/Week_1/Week_1.srcs/sources_1/ip/blk_mem_gen_0/blk_mem_gen_0.xci}}]
export_simulation -of_objects [get_files {{C:/Digital Filters/DS_Project_ANC_Digital_Filters/Week_1/Week_1.srcs/sources_1/ip/blk_mem_gen_0/blk_mem_gen_0.xci}}] -directory {C:/Digital Filters/DS_Project_ANC_Digital_Filters/Week_1/Week_1.ip_user_files/sim_scripts} -ip_user_files_dir {C:/Digital Filters/DS_Project_ANC_Digital_Filters/Week_1/Week_1.ip_user_files} -ipstatic_source_dir {C:/Digital Filters/DS_Project_ANC_Digital_Filters/Week_1/Week_1.ip_user_files/ipstatic} -lib_map_path [list {modelsim=C:/Digital Filters/DS_Project_ANC_Digital_Filters/Week_1/Week_1.cache/compile_simlib/modelsim} {questa=C:/Digital Filters/DS_Project_ANC_Digital_Filters/Week_1/Week_1.cache/compile_simlib/questa} {riviera=C:/Digital Filters/DS_Project_ANC_Digital_Filters/Week_1/Week_1.cache/compile_simlib/riviera} {activehdl=C:/Digital Filters/DS_Project_ANC_Digital_Filters/Week_1/Week_1.cache/compile_simlib/activehdl}] -use_ip_compiled_libs -force -quiet
update_compile_order -fileset sources_1
reset_run synth_1
launch_runs impl_1 -to_step write_bitstream -jobs 10
wait_on_run impl_1
reset_run synth_1
launch_runs impl_1 -to_step write_bitstream -jobs 10
wait_on_run impl_1
open_hw_manager
connect_hw_server -allow_non_jtag
open_hw_target
set_property PROGRAM.FILE {C:/Digital Filters/DS_Project_ANC_Digital_Filters/Week_1/Week_1.runs/impl_1/memory_read.bit} [get_hw_devices xc7a35t_0]
current_hw_device [get_hw_devices xc7a35t_0]
refresh_hw_device -update_hw_probes false [lindex [get_hw_devices xc7a35t_0] 0]
set_property PROBES.FILE {} [get_hw_devices xc7a35t_0]
set_property FULL_PROBES.FILE {} [get_hw_devices xc7a35t_0]
set_property PROGRAM.FILE {C:/Digital Filters/DS_Project_ANC_Digital_Filters/Week_1/Week_1.runs/impl_1/memory_read.bit} [get_hw_devices xc7a35t_0]
program_hw_devices [get_hw_devices xc7a35t_0]
refresh_hw_device [lindex [get_hw_devices xc7a35t_0] 0]
